// Jest Snapshot v1, https://goo.gl/fbAQLP

exports[`Payload serialize should properly should serialize data with a fully populated object 1`] = `"{\\"data\\":{\\"type\\":\\"Buffer\\",\\"data\\":[73,32,97,116,101,32,97,108,108,32,111,102,32,116,104,101,32,99,104,101,101,115,101]},\\"type\\":\\"CONFESSION\\",\\"createdAt\\":\\"2020-02-02T03:04:05.000Z\\",\\"origin\\":\\"2020-02-02T03:04:01.000Z\\",\\"duration\\":1000,\\"position\\":60000}"`;
